x,en,tripleX
0.0,value1,0.0
1.0,value1,3.0
2.0,value1,6.0
3.0,value1,9.0
4.0,value1,12.0
5.0,value2,15.0
6.0,value2,18.0
7.0,value2,21.0
8.0,value3,24.0
9.0,value3,27.0
